<html>
<body>
<pre>
<h1>µVision Build Log</h1>
<h2>Tool Versions:</h2>
IDE-Version: ¦ÌVision V5.40.0.0
Copyright (C) 2024 ARM Ltd and ARM Germany GmbH. All rights reserved.
License Information: Roua 2358508095@qq.com, 0, LIC=585FJ-U1BFQ-QDQKD-88VNR-92MWM-K4L9D
 
Tool Versions:
Toolchain:       MDK-ARM Plus  Version: 5.40.0.3
Toolchain Path:  D:\Keil_v5\ARM\ARMCC\Bin
C Compiler:      Armcc.exe V5.06 update 7 (build 960)
Assembler:       Armasm.exe V5.06 update 7 (build 960)
Linker/Locator:  ArmLink.exe V5.06 update 7 (build 960)
Library Manager: ArmAr.exe V5.06 update 7 (build 960)
Hex Converter:   FromElf.exe V5.06 update 7 (build 960)
CPU DLL:         SARMCM3.DLL V5.40.0.3
Dialog DLL:      DCM.DLL V1.17.5.0
Target DLL:      STLink\ST-LINKIII-KEIL_SWO.dll V3.3.0.0
Dialog DLL:      TCM.DLL V1.56.4.0
 
<h2>Project:</h2>
C:\Users\23585\Desktop\CODE\DO\Vortex_stm32F103\MDK-ARM\Vortex_stm32F103.uvprojx
Project File Date:  07/27/2026

<h2>Output:</h2>
*** Using Compiler 'V5.06 update 7 (build 960)', folder: 'D:\Keil_v5\ARM\ARMCC\Bin'
Rebuild target 'Vortex_stm32F103'
assembling startup_stm32f103xb.s...
compiling stm32f1xx_hal_gpio_ex.c...
compiling stm32f1xx_hal_msp.c...
compiling i2c.c...
compiling dma.c...
compiling usart.c...
compiling cmd.c...
motor.h(12): warning:  #1295-D: Deprecated declaration move_forward - give arg types
  void move_forward();
motor.h(16): warning:  #1295-D: Deprecated declaration move_back - give arg types
  void move_back();
motor.h(18): warning:  #1295-D: Deprecated declaration move_forward_left - give arg types
  void move_forward_left();
motor.h(20): warning:  #1295-D: Deprecated declaration move_forward_right - give arg types
  void move_forward_right();
motor.h(22): warning:  #1295-D: Deprecated declaration move_back_left - give arg types
  void move_back_left();
motor.h(24): warning:  #1295-D: Deprecated declaration move_back_right - give arg types
  void move_back_right();
motor.h(26): warning:  #1295-D: Deprecated declaration move_boost - give arg types
  void move_boost();
motor.h(28): warning:  #1295-D: Deprecated declaration move_stop - give arg types
  void move_stop();
motor.h(30): warning:  #1295-D: Deprecated declaration move_slow - give arg types
  void move_slow();
motor.h(32): warning:  #1295-D: Deprecated declaration move_slide - give arg types
  void move_slide();
motor.h(34): warning:  #1295-D: Deprecated declaration move_coast - give arg types
  void move_coast();
motor.h(38): warning:  #1295-D: Deprecated declaration move_forward_left_boost - give arg types
  void move_forward_left_boost();
motor.h(40): warning:  #1295-D: Deprecated declaration move_forward_right_boost - give arg types
  void move_forward_right_boost();
motor.h(42): warning:  #1295-D: Deprecated declaration move_back_left_boost - give arg types
  void move_back_left_boost();
motor.h(44): warning:  #1295-D: Deprecated declaration move_back_right_boost - give arg types
  void move_back_right_boost();
motor.h(46): warning:  #1295-D: Deprecated declaration move_back_boost - give arg types
  void move_back_boost();
motor.h(48): warning:  #1295-D: Deprecated declaration move_turn_left - give arg types
  void move_turn_left();
motor.h(50): warning:  #1295-D: Deprecated declaration move_turn_right - give arg types
  void move_turn_right();
motor.h(52): warning:  #1295-D: Deprecated declaration move_turn_left_boost - give arg types
  void move_turn_left_boost();
motor.h(54): warning:  #1295-D: Deprecated declaration move_turn_right_boost - give arg types
  void move_turn_right_boost();
cmd.c: 20 warnings, 0 errors
compiling main.c...
../MDK-ARM/motor.h(12): warning:  #1295-D: Deprecated declaration move_forward - give arg types
  void move_forward();
../MDK-ARM/motor.h(16): warning:  #1295-D: Deprecated declaration move_back - give arg types
  void move_back();
../MDK-ARM/motor.h(18): warning:  #1295-D: Deprecated declaration move_forward_left - give arg types
  void move_forward_left();
../MDK-ARM/motor.h(20): warning:  #1295-D: Deprecated declaration move_forward_right - give arg types
  void move_forward_right();
../MDK-ARM/motor.h(22): warning:  #1295-D: Deprecated declaration move_back_left - give arg types
  void move_back_left();
../MDK-ARM/motor.h(24): warning:  #1295-D: Deprecated declaration move_back_right - give arg types
  void move_back_right();
../MDK-ARM/motor.h(26): warning:  #1295-D: Deprecated declaration move_boost - give arg types
  void move_boost();
../MDK-ARM/motor.h(28): warning:  #1295-D: Deprecated declaration move_stop - give arg types
  void move_stop();
../MDK-ARM/motor.h(30): warning:  #1295-D: Deprecated declaration move_slow - give arg types
  void move_slow();
../MDK-ARM/motor.h(32): warning:  #1295-D: Deprecated declaration move_slide - give arg types
  void move_slide();
../MDK-ARM/motor.h(34): warning:  #1295-D: Deprecated declaration move_coast - give arg types
  void move_coast();
../MDK-ARM/motor.h(38): warning:  #1295-D: Deprecated declaration move_forward_left_boost - give arg types
  void move_forward_left_boost();
../MDK-ARM/motor.h(40): warning:  #1295-D: Deprecated declaration move_forward_right_boost - give arg types
  void move_forward_right_boost();
../MDK-ARM/motor.h(42): warning:  #1295-D: Deprecated declaration move_back_left_boost - give arg types
  void move_back_left_boost();
../MDK-ARM/motor.h(44): warning:  #1295-D: Deprecated declaration move_back_right_boost - give arg types
  void move_back_right_boost();
../MDK-ARM/motor.h(46): warning:  #1295-D: Deprecated declaration move_back_boost - give arg types
  void move_back_boost();
../MDK-ARM/motor.h(48): warning:  #1295-D: Deprecated declaration move_turn_left - give arg types
  void move_turn_left();
../MDK-ARM/motor.h(50): warning:  #1295-D: Deprecated declaration move_turn_right - give arg types
  void move_turn_right();
../MDK-ARM/motor.h(52): warning:  #1295-D: Deprecated declaration move_turn_left_boost - give arg types
  void move_turn_left_boost();
../MDK-ARM/motor.h(54): warning:  #1295-D: Deprecated declaration move_turn_right_boost - give arg types
  void move_turn_right_boost();
../Core/Src/main.c: 20 warnings, 0 errors
compiling stm32f1xx_hal.c...
compiling gpio.c...
compiling stm32f1xx_hal_rcc_ex.c...
compiling stm32f1xx_it.c...
compiling tim.c...
compiling motor.c...
motor.h(12): warning:  #1295-D: Deprecated declaration move_forward - give arg types
  void move_forward();
motor.h(16): warning:  #1295-D: Deprecated declaration move_back - give arg types
  void move_back();
motor.h(18): warning:  #1295-D: Deprecated declaration move_forward_left - give arg types
  void move_forward_left();
motor.h(20): warning:  #1295-D: Deprecated declaration move_forward_right - give arg types
  void move_forward_right();
motor.h(22): warning:  #1295-D: Deprecated declaration move_back_left - give arg types
  void move_back_left();
motor.h(24): warning:  #1295-D: Deprecated declaration move_back_right - give arg types
  void move_back_right();
motor.h(26): warning:  #1295-D: Deprecated declaration move_boost - give arg types
  void move_boost();
motor.h(28): warning:  #1295-D: Deprecated declaration move_stop - give arg types
  void move_stop();
motor.h(30): warning:  #1295-D: Deprecated declaration move_slow - give arg types
  void move_slow();
motor.h(32): warning:  #1295-D: Deprecated declaration move_slide - give arg types
  void move_slide();
motor.h(34): warning:  #1295-D: Deprecated declaration move_coast - give arg types
  void move_coast();
motor.h(38): warning:  #1295-D: Deprecated declaration move_forward_left_boost - give arg types
  void move_forward_left_boost();
motor.h(40): warning:  #1295-D: Deprecated declaration move_forward_right_boost - give arg types
  void move_forward_right_boost();
motor.h(42): warning:  #1295-D: Deprecated declaration move_back_left_boost - give arg types
  void move_back_left_boost();
motor.h(44): warning:  #1295-D: Deprecated declaration move_back_right_boost - give arg types
  void move_back_right_boost();
motor.h(46): warning:  #1295-D: Deprecated declaration move_back_boost - give arg types
  void move_back_boost();
motor.h(48): warning:  #1295-D: Deprecated declaration move_turn_left - give arg types
  void move_turn_left();
motor.h(50): warning:  #1295-D: Deprecated declaration move_turn_right - give arg types
  void move_turn_right();
motor.h(52): warning:  #1295-D: Deprecated declaration move_turn_left_boost - give arg types
  void move_turn_left_boost();
motor.h(54): warning:  #1295-D: Deprecated declaration move_turn_right_boost - give arg types
  void move_turn_right_boost();
motor.c(495): warning:  #1-D: last line of file ends without a newline
  }
motor.c: 21 warnings, 0 errors
compiling stm32f1xx_hal_rcc.c...
compiling stm32f1xx_hal_i2c.c...
compiling stm32f1xx_hal_gpio.c...
compiling stm32f1xx_hal_cortex.c...
compiling stm32f1xx_hal_pwr.c...
compiling stm32f1xx_hal_dma.c...
compiling stm32f1xx_hal_flash.c...
compiling stm32f1xx_hal_flash_ex.c...
compiling stm32f1xx_hal_exti.c...
compiling system_stm32f1xx.c...
compiling stm32f1xx_hal_uart.c...
compiling stm32f1xx_hal_tim_ex.c...
compiling stm32f1xx_hal_tim.c...
linking...
Program Size: Code=10264 RO-data=312 RW-data=32 ZI-data=1920  
FromELF: creating hex file...
"Vortex_stm32F103\Vortex_stm32F103.axf" - 0 Error(s), 61 Warning(s).

<h2>Software Packages used:</h2>

Package Vendor: ARM
                https://www.keil.com/pack/ARM.CMSIS.6.1.0.pack
                ARM::CMSIS@6.1.0
                CMSIS (Common Microcontroller Software Interface Standard)
   * Component: CORE Version: 6.1.0

Package Vendor: Keil
                https://www.keil.com/pack/Keil.STM32F1xx_DFP.2.4.1.pack
                Keil::STM32F1xx_DFP@2.4.1
                STMicroelectronics STM32F1 Series Device Support, Drivers and Examples

<h2>Collection of Component include folders:</h2>
  ./RTE/_Vortex_stm32F103
  D:/Arm_Packs/ARM/CMSIS/6.1.0/CMSIS/Core/Include
  D:/Arm_Packs/Keil/STM32F1xx_DFP/2.4.1/Device/Include

<h2>Collection of Component Files used:</h2>

   * Component: ARM::CMSIS:CORE@6.1.0
      Include file:  CMSIS/Core/Include/tz_context.h
Build Time Elapsed:  00:00:04
</pre>
</body>
</html>
